Archive member included to satisfy reference by file (symbol)

C:/ST/STM32CubeIDE_1.13.2/STM32CubeIDE/plugins/com.st.stm32cube.ide.mcu.externaltools.gnu-tools-for-stm32.11.3.rel1.win32_1.1.1.202309131626/tools/bin/../lib/gcc/arm-none-eabi/11.3.1/../../../../arm-none-eabi/lib/thumb/v7e-m+fp/hard\libc_nano.a(libc_a-exit.o)
                              C:/ST/STM32CubeIDE_1.13.2/STM32CubeIDE/plugins/com.st.stm32cube.ide.mcu.externaltools.gnu-tools-for-stm32.11.3.rel1.win32_1.1.1.202309131626/tools/bin/../lib/gcc/arm-none-eabi/11.3.1/../../../../arm-none-eabi/lib/thumb/v7e-m+fp/hard/crt0.o (exit)
C:/ST/STM32CubeIDE_1.13.2/STM32CubeIDE/plugins/com.st.stm32cube.ide.mcu.externaltools.gnu-tools-for-stm32.11.3.rel1.win32_1.1.1.202309131626/tools/bin/../lib/gcc/arm-none-eabi/11.3.1/../../../../arm-none-eabi/lib/thumb/v7e-m+fp/hard\libc_nano.a(libc_a-findfp.o)
                              C:/ST/STM32CubeIDE_1.13.2/STM32CubeIDE/plugins/com.st.stm32cube.ide.mcu.externaltools.gnu-tools-for-stm32.11.3.rel1.win32_1.1.1.202309131626/tools/bin/../lib/gcc/arm-none-eabi/11.3.1/../../../../arm-none-eabi/lib/thumb/v7e-m+fp/hard\libc_nano.a(libc_a-exit.o) (__stdio_exit_handler)
C:/ST/STM32CubeIDE_1.13.2/STM32CubeIDE/plugins/com.st.stm32cube.ide.mcu.externaltools.gnu-tools-for-stm32.11.3.rel1.win32_1.1.1.202309131626/tools/bin/../lib/gcc/arm-none-eabi/11.3.1/../../../../arm-none-eabi/lib/thumb/v7e-m+fp/hard\libc_nano.a(libc_a-fwalk.o)
                              C:/ST/STM32CubeIDE_1.13.2/STM32CubeIDE/plugins/com.st.stm32cube.ide.mcu.externaltools.gnu-tools-for-stm32.11.3.rel1.win32_1.1.1.202309131626/tools/bin/../lib/gcc/arm-none-eabi/11.3.1/../../../../arm-none-eabi/lib/thumb/v7e-m+fp/hard\libc_nano.a(libc_a-findfp.o) (_fwalk_sglue)
C:/ST/STM32CubeIDE_1.13.2/STM32CubeIDE/plugins/com.st.stm32cube.ide.mcu.externaltools.gnu-tools-for-stm32.11.3.rel1.win32_1.1.1.202309131626/tools/bin/../lib/gcc/arm-none-eabi/11.3.1/../../../../arm-none-eabi/lib/thumb/v7e-m+fp/hard\libc_nano.a(libc_a-stdio.o)
                              C:/ST/STM32CubeIDE_1.13.2/STM32CubeIDE/plugins/com.st.stm32cube.ide.mcu.externaltools.gnu-tools-for-stm32.11.3.rel1.win32_1.1.1.202309131626/tools/bin/../lib/gcc/arm-none-eabi/11.3.1/../../../../arm-none-eabi/lib/thumb/v7e-m+fp/hard\libc_nano.a(libc_a-findfp.o) (__sread)
C:/ST/STM32CubeIDE_1.13.2/STM32CubeIDE/plugins/com.st.stm32cube.ide.mcu.externaltools.gnu-tools-for-stm32.11.3.rel1.win32_1.1.1.202309131626/tools/bin/../lib/gcc/arm-none-eabi/11.3.1/../../../../arm-none-eabi/lib/thumb/v7e-m+fp/hard\libc_nano.a(libc_a-memset.o)
                              C:/ST/STM32CubeIDE_1.13.2/STM32CubeIDE/plugins/com.st.stm32cube.ide.mcu.externaltools.gnu-tools-for-stm32.11.3.rel1.win32_1.1.1.202309131626/tools/bin/../lib/gcc/arm-none-eabi/11.3.1/../../../../arm-none-eabi/lib/thumb/v7e-m+fp/hard/crt0.o (memset)
C:/ST/STM32CubeIDE_1.13.2/STM32CubeIDE/plugins/com.st.stm32cube.ide.mcu.externaltools.gnu-tools-for-stm32.11.3.rel1.win32_1.1.1.202309131626/tools/bin/../lib/gcc/arm-none-eabi/11.3.1/../../../../arm-none-eabi/lib/thumb/v7e-m+fp/hard\libc_nano.a(libc_a-closer.o)
                              C:/ST/STM32CubeIDE_1.13.2/STM32CubeIDE/plugins/com.st.stm32cube.ide.mcu.externaltools.gnu-tools-for-stm32.11.3.rel1.win32_1.1.1.202309131626/tools/bin/../lib/gcc/arm-none-eabi/11.3.1/../../../../arm-none-eabi/lib/thumb/v7e-m+fp/hard\libc_nano.a(libc_a-stdio.o) (_close_r)
C:/ST/STM32CubeIDE_1.13.2/STM32CubeIDE/plugins/com.st.stm32cube.ide.mcu.externaltools.gnu-tools-for-stm32.11.3.rel1.win32_1.1.1.202309131626/tools/bin/../lib/gcc/arm-none-eabi/11.3.1/../../../../arm-none-eabi/lib/thumb/v7e-m+fp/hard\libc_nano.a(libc_a-reent.o)
                              C:/ST/STM32CubeIDE_1.13.2/STM32CubeIDE/plugins/com.st.stm32cube.ide.mcu.externaltools.gnu-tools-for-stm32.11.3.rel1.win32_1.1.1.202309131626/tools/bin/../lib/gcc/arm-none-eabi/11.3.1/../../../../arm-none-eabi/lib/thumb/v7e-m+fp/hard\libc_nano.a(libc_a-closer.o) (errno)
C:/ST/STM32CubeIDE_1.13.2/STM32CubeIDE/plugins/com.st.stm32cube.ide.mcu.externaltools.gnu-tools-for-stm32.11.3.rel1.win32_1.1.1.202309131626/tools/bin/../lib/gcc/arm-none-eabi/11.3.1/../../../../arm-none-eabi/lib/thumb/v7e-m+fp/hard\libc_nano.a(libc_a-impure.o)
                              C:/ST/STM32CubeIDE_1.13.2/STM32CubeIDE/plugins/com.st.stm32cube.ide.mcu.externaltools.gnu-tools-for-stm32.11.3.rel1.win32_1.1.1.202309131626/tools/bin/../lib/gcc/arm-none-eabi/11.3.1/../../../../arm-none-eabi/lib/thumb/v7e-m+fp/hard\libc_nano.a(libc_a-reent.o) (_impure_ptr)
C:/ST/STM32CubeIDE_1.13.2/STM32CubeIDE/plugins/com.st.stm32cube.ide.mcu.externaltools.gnu-tools-for-stm32.11.3.rel1.win32_1.1.1.202309131626/tools/bin/../lib/gcc/arm-none-eabi/11.3.1/../../../../arm-none-eabi/lib/thumb/v7e-m+fp/hard\libc_nano.a(libc_a-lseekr.o)
[...]
Memory Configuration

Name             Origin             Length             Attributes
CCMRAM           0x0000000010000000 0x0000000000010000 xrw
RAM              0x0000000020000000 0x0000000000030000 xrw
FLASH            0x0000000008000000 0x0000000000200000 xr
*default*        0x0000000000000000 0xffffffffffffffff

Linker script and memory map

LOAD C:/ST/STM32CubeIDE_1.13.2/STM32CubeIDE/plugins/com.st.stm32cube.ide.mcu.externaltools.gnu-tools-for-stm32.11.3.rel1.win32_1.1.1.202309131626/tools/bin/../lib/gcc/arm-none-eabi/11.3.1/thumb/v7e-m+fp/hard/crti.o
LOAD C:/ST/STM32CubeIDE_1.13.2/STM32CubeIDE/plugins/com.st.stm32cube.ide.mcu.externaltools.gnu-tools-for-stm32.11.3.rel1.win32_1.1.1.202309131626/tools/bin/../lib/gcc/arm-none-eabi/11.3.1/thumb/v7e-m+fp/hard/crtbegin.o
LOAD C:/ST/STM32CubeIDE_1.13.2/STM32CubeIDE/plugins/com.st.stm32cube.ide.mcu.externaltools.gnu-tools-for-stm32.11.3.rel1.win32_1.1.1.202309131626/tools/bin/../lib/gcc/arm-none-eabi/11.3.1/../../../../arm-none-eabi/lib/thumb/v7e-m+fp/hard/crt0.o
LOAD ./Core/Src/bsp_lcd.o
LOAD ./Core/Src/main.o
LOAD ./Core/Src/stm32f4xx_hal_msp.o
LOAD ./Core/Src/stm32f4xx_it.o
LOAD ./Core/Src/syscalls.o
LOAD ./Core/Src/sysmem.o
LOAD ./Core/Src/system_stm32f4xx.o
LOAD ./Core/Src/t1_320x240.o
LOAD ./Core/Src/t2_320x240.o
LOAD ./Core/Src/t3_320x240.o
LOAD ./Core/Startup/startup_stm32f429zitx.o
LOAD ./Drivers/STM32F4xx_HAL_Driver/Src/stm32f4xx_hal.o
LOAD ./Drivers/STM32F4xx_HAL_Driver/Src/stm32f4xx_hal_cortex.o
LOAD ./Drivers/STM32F4xx_HAL_Driver/Src/stm32f4xx_hal_dma.o
LOAD ./Drivers/STM32F4xx_HAL_Driver/Src/stm32f4xx_hal_dma_ex.o
LOAD ./Drivers/STM32F4xx_HAL_Driver/Src/stm32f4xx_hal_dsi.o
LOAD ./Drivers/STM32F4xx_HAL_Driver/Src/stm32f4xx_hal_exti.o
LOAD ./Drivers/STM32F4xx_HAL_Driver/Src/stm32f4xx_hal_flash.o
LOAD ./Drivers/STM32F4xx_HAL_Driver/Src/stm32f4xx_hal_flash_ex.o
LOAD ./Drivers/STM32F4xx_HAL_Driver/Src/stm32f4xx_hal_flash_ramfunc.o
LOAD ./Drivers/STM32F4xx_HAL_Driver/Src/stm32f4xx_hal_gpio.o
LOAD ./Drivers/STM32F4xx_HAL_Driver/Src/stm32f4xx_hal_ltdc.o
LOAD ./Drivers/STM32F4xx_HAL_Driver/Src/stm32f4xx_hal_ltdc_ex.o
LOAD ./Drivers/STM32F4xx_HAL_Driver/Src/stm32f4xx_hal_pwr.o
LOAD ./Drivers/STM32F4xx_HAL_Driver/Src/stm32f4xx_hal_pwr_ex.o
LOAD ./Drivers/STM32F4xx_HAL_Driver/Src/stm32f4xx_hal_rcc.o
LOAD ./Drivers/STM32F4xx_HAL_Driver/Src/stm32f4xx_hal_rcc_ex.o
LOAD ./Drivers/STM32F4xx_HAL_Driver/Src/stm32f4xx_hal_spi.o
LOAD ./Drivers/STM32F4xx_HAL_Driver/Src/stm32f4xx_hal_tim.o
LOAD ./Drivers/STM32F4xx_HAL_Driver/Src/stm32f4xx_hal_tim_ex.o
START GROUP
LOAD C:/ST/STM32CubeIDE_1.13.2/STM32CubeIDE/plugins/com.st.stm32cube.ide.mcu.externaltools.gnu-tools-for-stm32.11.3.rel1.win32_1.1.1.202309131626/tools/bin/../lib/gcc/arm-none-eabi/11.3.1/../../../../arm-none-eabi/lib/thumb/v7e-m+fp/hard\libc_nano.a
LOAD C:/ST/STM32CubeIDE_1.13.2/STM32CubeIDE/plugins/com.st.stm32cube.ide.mcu.externaltools.gnu-tools-for-stm32.11.3.rel1.win32_1.1.1.202309131626/tools/bin/../lib/gcc/arm-none-eabi/11.3.1/../../../../arm-none-eabi/lib/thumb/v7e-m+fp/hard\libm.a
END GROUP
START GROUP
LOAD C:/ST/STM32CubeIDE_1.13.2/STM32CubeIDE/plugins/com.st.stm32cube.ide.mcu.externaltools.gnu-tools-for-stm32.11.3.rel1.win32_1.1.1.202309131626/tools/bin/../lib/gcc/arm-none-eabi/11.3.1/thumb/v7e-m+fp/hard\libgcc.a
LOAD C:/ST/STM32CubeIDE_1.13.2/STM32CubeIDE/plugins/com.st.stm32cube.ide.mcu.externaltools.gnu-tools-for-stm32.11.3.rel1.win32_1.1.1.202309131626/tools/bin/../lib/gcc/arm-none-eabi/11.3.1/../../../../arm-none-eabi/lib/thumb/v7e-m+fp/hard\libc_nano.a
END GROUP
START GROUP
LOAD C:/ST/STM32CubeIDE_1.13.2/STM32CubeIDE/plugins/com.st.stm32cube.ide.mcu.externaltools.gnu-tools-for-stm32.11.3.rel1.win32_1.1.1.202309131626/tools/bin/../lib/gcc/arm-none-eabi/11.3.1/thumb/v7e-m+fp/hard\libgcc.a
LOAD C:/ST/STM32CubeIDE_1.13.2/STM32CubeIDE/plugins/com.st.stm32cube.ide.mcu.externaltools.gnu-tools-for-stm32.11.3.rel1.win32_1.1.1.202309131626/tools/bin/../lib/gcc/arm-none-eabi/11.3.1/../../../../arm-none-eabi/lib/thumb/v7e-m+fp/hard\libc_nano.a
LOAD C:/ST/STM32CubeIDE_1.13.2/STM32CubeIDE/plugins/com.st.stm32cube.ide.mcu.externaltools.gnu-tools-for-stm32.11.3.rel1.win32_1.1.1.202309131626/tools/bin/../lib/gcc/arm-none-eabi/11.3.1/../../../../arm-none-eabi/lib/thumb/v7e-m+fp/hard\libnosys.a
END GROUP
START GROUP
LOAD C:/ST/STM32CubeIDE_1.13.2/STM32CubeIDE/plugins/com.st.stm32cube.ide.mcu.externaltools.gnu-tools-for-stm32.11.3.rel1.win32_1.1.1.202309131626/tools/bin/../lib/gcc/arm-none-eabi/11.3.1/thumb/v7e-m+fp/hard\libgcc.a
LOAD C:/ST/STM32CubeIDE_1.13.2/STM32CubeIDE/plugins/com.st.stm32cube.ide.mcu.externaltools.gnu-tools-for-stm32.11.3.rel1.win32_1.1.1.202309131626/tools/bin/../lib/gcc/arm-none-eabi/11.3.1/../../../../arm-none-eabi/lib/thumb/v7e-m+fp/hard\libc_nano.a
LOAD C:/ST/STM32CubeIDE_1.13.2/STM32CubeIDE/plugins/com.st.stm32cube.ide.mcu.externaltools.gnu-tools-for-stm32.11.3.rel1.win32_1.1.1.202309131626/tools/bin/../lib/gcc/arm-none-eabi/11.3.1/../../../../arm-none-eabi/lib/thumb/v7e-m+fp/hard\libnosys.a
END GROUP
LOAD C:/ST/STM32CubeIDE_1.13.2/STM32CubeIDE/plugins/com.st.stm32cube.ide.mcu.externaltools.gnu-tools-for-stm32.11.3.rel1.win32_1.1.1.202309131626/tools/bin/../lib/gcc/arm-none-eabi/11.3.1/thumb/v7e-m+fp/hard/crtend.o
LOAD C:/ST/STM32CubeIDE_1.13.2/STM32CubeIDE/plugins/com.st.stm32cube.ide.mcu.externaltools.gnu-tools-for-stm32.11.3.rel1.win32_1.1.1.202309131626/tools/bin/../lib/gcc/arm-none-eabi/11.3.1/thumb/v7e-m+fp/hard/crtn.o
                0x0000000020030000                _estack = (ORIGIN (RAM) + LENGTH (RAM))
                0x0000000000000200                _Min_Heap_Size = 0x200
                0x0000000000000400                _Min_Stack_Size = 0x400

.isr_vector     0x0000000008000000      0x1ac
                0x0000000008000000                . = ALIGN (0x4)
 *(.isr_vector)
 .isr_vector    0x0000000008000000      0x1ac ./Core/Startup/startup_stm32f429zitx.o
                0x0000000008000000                g_pfnVectors
                0x00000000080001ac                . = ALIGN (0x4)

.text           0x00000000080001ac     0x2c94
                0x00000000080001ac                . = ALIGN (0x4)
 *(.text)
 .text          0x00000000080001ac       0x40 C:/ST/STM32CubeIDE_1.13.2/STM32CubeIDE/plugins/com.st.stm32cube.ide.mcu.externaltools.gnu-tools-for-stm32.11.3.rel1.win32_1.1.1.202309131626/tools/bin/../lib/gcc/arm-none-eabi/11.3.1/thumb/v7e-m+fp/hard/crtbegin.o
 .text          0x00000000080001ec       0x30 C:/ST/STM32CubeIDE_1.13.2/STM32CubeIDE/plugins/com.st.stm32cube.ide.mcu.externaltools.gnu-tools-for-stm32.11.3.rel1.win32_1.1.1.202309131626/tools/bin/../lib/gcc/arm-none-eabi/11.3.1/thumb/v7e-m+fp/hard\libgcc.a(_aeabi_uldivmod.o)
                0x00000000080001ec                __aeabi_uldivmod
 .text          0x000000000800021c      0x2c8 C:/ST/STM32CubeIDE_1.13.2/STM32CubeIDE/plugins/com.st.stm32cube.ide.mcu.externaltools.gnu-tools-for-stm32.11.3.rel1.win32_1.1.1.202309131626/tools/bin/../lib/gcc/arm-none-eabi/11.3.1/thumb/v7e-m+fp/hard\libgcc.a(_udivmoddi4.o)
                0x000000000800021c                __udivmoddi4
 .text          0x00000000080004e4        0x4 C:/ST/STM32CubeIDE_1.13.2/STM32CubeIDE/plugins/com.st.stm32cube.ide.mcu.externaltools.gnu-tools-for-stm32.11.3.rel1.win32_1.1.1.202309131626/tools/bin/../lib/gcc/arm-none-eabi/11.3.1/thumb/v7e-m+fp/hard\libgcc.a(_dvmd_tls.o)
                0x00000000080004e4                __aeabi_idiv0
                0x00000000080004e4                __aeabi_ldiv0
 *(.text*)
 .text.BSP_LCD_Init
                0x00000000080004e8       0x1c ./Core/Src/bsp_lcd.o
                0x00000000080004e8                BSP_LCD_Init
 .text.BSP_LCD_Set_Orientation
                0x0000000008000504       0xc0 ./Core/Src/bsp_lcd.o
                0x0000000008000504                BSP_LCD_Set_Orientation
 .text.LCD_Pin_Init
                0x00000000080005c4      0x1ec ./Core/Src/bsp_lcd.o
                0x00000000080005c4                LCD_Pin_Init
 .text.LCD_SPI_Enable
                0x00000000080007b0       0x28 ./Core/Src/bsp_lcd.o
                0x00000000080007b0                LCD_SPI_Enable
 .text.LCD_SPI_Init
                0x00000000080007d8       0xcc ./Core/Src/bsp_lcd.o
                0x00000000080007d8                LCD_SPI_Init
 .text.delay_50ms
                0x00000000080008a4       0x2c ./Core/Src/bsp_lcd.o
                0x00000000080008a4                delay_50ms
 .text.LCD_Reset
                0x00000000080008d0       0x5c ./Core/Src/bsp_lcd.o
                0x00000000080008d0                LCD_Reset
 .text.LCD_Config
                0x000000000800092c      0x2c0 ./Core/Src/bsp_lcd.o
                0x000000000800092c                LCD_Config
 .text.LCD_Write_Cmd
                0x0000000008000bec       0x88 ./Core/Src/bsp_lcd.o
                0x0000000008000bec                LCD_Write_Cmd
 .text.LCD_Write_Data
                0x0000000008000c74       0x88 ./Core/Src/bsp_lcd.o
                0x0000000008000c74                LCD_Write_Data
 .text.main     0x0000000008000cfc       0x68 ./Core/Src/main.o
                0x0000000008000cfc                main
 .text.SystemClock_Config
                0x0000000008000d64       0xe0 ./Core/Src/main.o
                0x0000000008000d64                SystemClock_Config
 .text.MX_LTDC_Init
                0x0000000008000e44      0x100 ./Core/Src/main.o
 .text.Error_Handler
                0x0000000008000f44        0xa ./Core/Src/main.o
                0x0000000008000f44                Error_Handler
 *fill*         0x0000000008000f4e        0x2 
 .text.HAL_MspInit
                0x0000000008000f50       0x50 ./Core/Src/stm32f4xx_hal_msp.o
                0x0000000008000f50                HAL_MspInit
 .text.HAL_LTDC_MspInit
                0x0000000008000fa0      0x270 ./Core/Src/stm32f4xx_hal_msp.o
                0x0000000008000fa0                HAL_LTDC_MspInit
 .text.NMI_Handler
                0x0000000008001210        0x6 ./Core/Src/stm32f4xx_it.o
                0x0000000008001210                NMI_Handler
 .text.HardFault_Handler
                0x0000000008001216        0x6 ./Core/Src/stm32f4xx_it.o
                0x0000000008001216                HardFault_Handler
 .text.MemManage_Handler
                0x000000000800121c        0x6 ./Core/Src/stm32f4xx_it.o
                0x000000000800121c                MemManage_Handler
 .text.BusFault_Handler
                0x0000000008001222        0x6 ./Core/Src/stm32f4xx_it.o
                0x0000000008001222                BusFault_Handler
 .text.UsageFault_Handler
                0x0000000008001228        0x6 ./Core/Src/stm32f4xx_it.o
                0x0000000008001228                UsageFault_Handler
 .text.SVC_Handler
                0x000000000800122e        0xe ./Core/Src/stm32f4xx_it.o
                0x000000000800122e                SVC_Handler
 .text.DebugMon_Handler
                0x000000000800123c        0xe ./Core/Src/stm32f4xx_it.o
                0x000000000800123c                DebugMon_Handler
 .text.PendSV_Handler
                0x000000000800124a        0xe ./Core/Src/stm32f4xx_it.o
                0x000000000800124a                PendSV_Handler
 .text.SysTick_Handler
                0x0000000008001258        0xc ./Core/Src/stm32f4xx_it.o
                0x0000000008001258                SysTick_Handler
 .text.LTDC_IRQHandler
                0x0000000008001264       0x14 ./Core/Src/stm32f4xx_it.o
                0x0000000008001264                LTDC_IRQHandler
 .text.LTDC_ER_IRQHandler
                0x0000000008001278       0x14 ./Core/Src/stm32f4xx_it.o
                0x0000000008001278                LTDC_ER_IRQHandler
 .text.SystemInit
                0x000000000800128c       0x24 ./Core/Src/system_stm32f4xx.o
                0x000000000800128c                SystemInit
 .text.Reset_Handler
                0x00000000080012b0       0x50 ./Core/Startup/startup_stm32f429zitx.o
                0x00000000080012b0                Reset_Handler
 .text.Default_Handler
                0x0000000008001300        0x2 ./Core/Startup/startup_stm32f429zitx.o
                0x0000000008001300                RTC_Alarm_IRQHandler
                0x0000000008001300                HASH_RNG_IRQHandler
                0x0000000008001300                EXTI2_IRQHandler
                0x0000000008001300                TIM8_CC_IRQHandler
                0x0000000008001300                UART8_IRQHandler
                0x0000000008001300                SPI4_IRQHandler
                0x0000000008001300                TIM1_CC_IRQHandler
                0x0000000008001300                DMA2_Stream5_IRQHandler
                0x0000000008001300                DMA1_Stream5_IRQHandler
                0x0000000008001300                PVD_IRQHandler
                0x0000000008001300                SDIO_IRQHandler
                0x0000000008001300                TAMP_STAMP_IRQHandler
                0x0000000008001300                CAN2_RX1_IRQHandler
                0x0000000008001300                EXTI3_IRQHandler
                0x0000000008001300                TIM8_TRG_COM_TIM14_IRQHandler
                0x0000000008001300                TIM1_UP_TIM10_IRQHandler
                0x0000000008001300                TIM8_UP_TIM13_IRQHandler
                0x0000000008001300                I2C3_ER_IRQHandler
                0x0000000008001300                EXTI0_IRQHandler
                0x0000000008001300                I2C2_EV_IRQHandler
                0x0000000008001300                DMA1_Stream2_IRQHandler
                0x0000000008001300                CAN1_RX0_IRQHandler
                0x0000000008001300                FPU_IRQHandler
                0x0000000008001300                OTG_HS_WKUP_IRQHandler
                0x0000000008001300                CAN2_SCE_IRQHandler
                0x0000000008001300                DMA2_Stream2_IRQHandler
                0x0000000008001300                SPI1_IRQHandler
                0x0000000008001300                TIM6_DAC_IRQHandler
                0x0000000008001300                TIM1_BRK_TIM9_IRQHandler
                0x0000000008001300                DCMI_IRQHandler
                0x0000000008001300                CAN2_RX0_IRQHandler
                0x0000000008001300                DMA2_Stream3_IRQHandler
                0x0000000008001300                USART6_IRQHandler
                0x0000000008001300                USART3_IRQHandler
                0x0000000008001300                CAN1_RX1_IRQHandler
                0x0000000008001300                UART5_IRQHandler
                0x0000000008001300                DMA2_Stream0_IRQHandler
                0x0000000008001300                TIM4_IRQHandler
                0x0000000008001300                I2C1_EV_IRQHandler
                0x0000000008001300                DMA1_Stream6_IRQHandler
                0x0000000008001300                DMA1_Stream1_IRQHandler
                0x0000000008001300                UART4_IRQHandler
                0x0000000008001300                TIM3_IRQHandler
                0x0000000008001300                RCC_IRQHandler
                0x0000000008001300                TIM8_BRK_TIM12_IRQHandler
                0x0000000008001300                Default_Handler
                0x0000000008001300                EXTI15_10_IRQHandler
                0x0000000008001300                ADC_IRQHandler
                0x0000000008001300                DMA1_Stream7_IRQHandler
                0x0000000008001300                SPI5_IRQHandler
                0x0000000008001300                TIM7_IRQHandler
                0x0000000008001300                CAN2_TX_IRQHandler
                0x0000000008001300                TIM5_IRQHandler
                0x0000000008001300                DMA2_Stream7_IRQHandler
                0x0000000008001300                I2C3_EV_IRQHandler
                0x0000000008001300                EXTI9_5_IRQHandler
                0x0000000008001300                RTC_WKUP_IRQHandler
                0x0000000008001300                ETH_WKUP_IRQHandler
                0x0000000008001300                SPI2_IRQHandler
                0x0000000008001300                OTG_HS_EP1_IN_IRQHandler
                0x0000000008001300                DMA1_Stream0_IRQHandler
                0x0000000008001300                CAN1_TX_IRQHandler
                0x0000000008001300                EXTI4_IRQHandler
                0x0000000008001300                ETH_IRQHandler
                0x0000000008001300                OTG_HS_EP1_OUT_IRQHandler
                0x0000000008001300                WWDG_IRQHandler
                0x0000000008001300                SPI6_IRQHandler
                0x0000000008001300                TIM2_IRQHandler
                0x0000000008001300                OTG_FS_WKUP_IRQHandler
                0x0000000008001300                TIM1_TRG_COM_TIM11_IRQHandler
                0x0000000008001300                OTG_HS_IRQHandler
                0x0000000008001300                DMA2D_IRQHandler
                0x0000000008001300                EXTI1_IRQHandler
                0x0000000008001300                UART7_IRQHandler
                0x0000000008001300                USART2_IRQHandler
                0x0000000008001300                I2C2_ER_IRQHandler
                0x0000000008001300                DMA2_Stream1_IRQHandler
                0x0000000008001300                CAN1_SCE_IRQHandler
                0x0000000008001300                FLASH_IRQHandler
                0x0000000008001300                DMA2_Stream4_IRQHandler
                0x0000000008001300                USART1_IRQHandler
                0x0000000008001300                OTG_FS_IRQHandler
                0x0000000008001300                SPI3_IRQHandler
                0x0000000008001300                DMA1_Stream4_IRQHandler
                0x0000000008001300                I2C1_ER_IRQHandler
                0x0000000008001300                FMC_IRQHandler
                0x0000000008001300                DMA2_Stream6_IRQHandler
                0x0000000008001300                SAI1_IRQHandler
                0x0000000008001300                DMA1_Stream3_IRQHandler
 *fill*         0x0000000008001302        0x2 
 .text.HAL_Init
                0x0000000008001304       0x44 ./Drivers/STM32F4xx_HAL_Driver/Src/stm32f4xx_hal.o
                0x0000000008001304                HAL_Init
 .text.HAL_InitTick
                0x0000000008001348       0x60 ./Drivers/STM32F4xx_HAL_Driver/Src/stm32f4xx_hal.o
                0x0000000008001348                HAL_InitTick
 .text.HAL_IncTick
                0x00000000080013a8       0x28 ./Drivers/STM32F4xx_HAL_Driver/Src/stm32f4xx_hal.o
                0x00000000080013a8                HAL_IncTick
 .text.HAL_GetTick
                0x00000000080013d0       0x18 ./Drivers/STM32F4xx_HAL_Driver/Src/stm32f4xx_hal.o
                0x00000000080013d0                HAL_GetTick
 .text.HAL_Delay
                0x00000000080013e8       0x48 ./Drivers/STM32F4xx_HAL_Driver/Src/stm32f4xx_hal.o
                0x00000000080013e8                HAL_Delay
 .text.__NVIC_SetPriorityGrouping
                0x0000000008001430       0x48 ./Drivers/STM32F4xx_HAL_Driver/Src/stm32f4xx_hal_cortex.o
 .text.__NVIC_GetPriorityGrouping
                0x0000000008001478       0x1c ./Drivers/STM32F4xx_HAL_Driver/Src/stm32f4xx_hal_cortex.o
 .text.__NVIC_EnableIRQ
                0x0000000008001494       0x3c ./Drivers/STM32F4xx_HAL_Driver/Src/stm32f4xx_hal_cortex.o
 .text.__NVIC_SetPriority
                0x00000000080014d0       0x54 ./Drivers/STM32F4xx_HAL_Driver/Src/stm32f4xx_hal_cortex.o
 .text.NVIC_EncodePriority
                0x0000000008001524       0x66 ./Drivers/STM32F4xx_HAL_Driver/Src/stm32f4xx_hal_cortex.o
 *fill*         0x000000000800158a        0x2 
 .text.SysTick_Config
                0x000000000800158c       0x44 ./Drivers/STM32F4xx_HAL_Driver/Src/stm32f4xx_hal_cortex.o
 .text.HAL_NVIC_SetPriorityGrouping
                0x00000000080015d0       0x16 ./Drivers/STM32F4xx_HAL_Driver/Src/stm32f4xx_hal_cortex.o
                0x00000000080015d0                HAL_NVIC_SetPriorityGrouping
 .text.HAL_NVIC_SetPriority
                0x00000000080015e6       0x38 ./Drivers/STM32F4xx_HAL_Driver/Src/stm32f4xx_hal_cortex.o
                0x00000000080015e6                HAL_NVIC_SetPriority
 .text.HAL_NVIC_EnableIRQ
                0x000000000800161e       0x1c ./Drivers/STM32F4xx_HAL_Driver/Src/stm32f4xx_hal_cortex.o
                0x000000000800161e                HAL_NVIC_EnableIRQ
 .text.HAL_SYSTICK_Config
                0x000000000800163a       0x18 ./Drivers/STM32F4xx_HAL_Driver/Src/stm32f4xx_hal_cortex.o
                0x000000000800163a                HAL_SYSTICK_Config
 *fill*         0x0000000008001652        0x2 
 .text.HAL_GPIO_Init
                0x0000000008001654      0x358 ./Drivers/STM32F4xx_HAL_Driver/Src/stm32f4xx_hal_gpio.o
                0x0000000008001654                HAL_GPIO_Init
 .text.HAL_LTDC_Init
                0x00000000080019ac      0x1a0 ./Drivers/STM32F4xx_HAL_Driver/Src/stm32f4xx_hal_ltdc.o
                0x00000000080019ac                HAL_LTDC_Init
 .text.HAL_LTDC_IRQHandler
                0x0000000008001b4c      0x148 ./Drivers/STM32F4xx_HAL_Driver/Src/stm32f4xx_hal_ltdc.o
                0x0000000008001b4c                HAL_LTDC_IRQHandler
 .text.HAL_LTDC_ErrorCallback
                0x0000000008001c94       0x14 ./Drivers/STM32F4xx_HAL_Driver/Src/stm32f4xx_hal_ltdc.o
                0x0000000008001c94                HAL_LTDC_ErrorCallback
 .text.HAL_LTDC_LineEventCallback
                0x0000000008001ca8       0x14 ./Drivers/STM32F4xx_HAL_Driver/Src/stm32f4xx_hal_ltdc.o
                0x0000000008001ca8                HAL_LTDC_LineEventCallback
 .text.HAL_LTDC_ReloadEventCallback
                0x0000000008001cbc       0x14 ./Drivers/STM32F4xx_HAL_Driver/Src/stm32f4xx_hal_ltdc.o
                0x0000000008001cbc                HAL_LTDC_ReloadEventCallback
 .text.HAL_LTDC_ConfigLayer
                0x0000000008001cd0       0x7c ./Drivers/STM32F4xx_HAL_Driver/Src/stm32f4xx_hal_ltdc.o
                0x0000000008001cd0                HAL_LTDC_ConfigLayer
 .text.HAL_LTDC_SetAddress
                0x0000000008001d4c       0x6c ./Drivers/STM32F4xx_HAL_Driver/Src/stm32f4xx_hal_ltdc.o
                0x0000000008001d4c                HAL_LTDC_SetAddress
 .text.LTDC_SetConfig
                0x0000000008001db8      0x32e ./Drivers/STM32F4xx_HAL_Driver/Src/stm32f4xx_hal_ltdc.o
 *fill*         0x00000000080020e6        0x2 
 .text.HAL_PWREx_EnableOverDrive
                0x00000000080020e8       0xa0 ./Drivers/STM32F4xx_HAL_Driver/Src/stm32f4xx_hal_pwr_ex.o
                0x00000000080020e8                HAL_PWREx_EnableOverDrive
 .text.HAL_RCC_OscConfig
                0x0000000008002188      0x4f0 ./Drivers/STM32F4xx_HAL_Driver/Src/stm32f4xx_hal_rcc.o
                0x0000000008002188                HAL_RCC_OscConfig
 .text.HAL_RCC_ClockConfig
                0x0000000008002678      0x1cc ./Drivers/STM32F4xx_HAL_Driver/Src/stm32f4xx_hal_rcc.o
                0x0000000008002678                HAL_RCC_ClockConfig
 .text.HAL_RCC_GetSysClockFreq
                0x0000000008002844      0x20c ./Drivers/STM32F4xx_HAL_Driver/Src/stm32f4xx_hal_rcc.o
                0x0000000008002844                HAL_RCC_GetSysClockFreq
 .text.HAL_RCCEx_PeriphCLKConfig
                0x0000000008002a50      0x380 ./Drivers/STM32F4xx_HAL_Driver/Src/stm32f4xx_hal_rcc_ex.o
                0x0000000008002a50                HAL_RCCEx_PeriphCLKConfig
 .text.memset   0x0000000008002dd0       0x10 C:/ST/STM32CubeIDE_1.13.2/STM32CubeIDE/plugins/com.st.stm32cube.ide.mcu.externaltools.gnu-tools-for-stm32.11.3.rel1.win32_1.1.1.202309131626/tools/bin/../lib/gcc/arm-none-eabi/11.3.1/../../../../arm-none-eabi/lib/thumb/v7e-m+fp/hard\libc_nano.a(libc_a-memset.o)
                0x0000000008002dd0                memset
 .text.__libc_init_array
                0x0000000008002de0       0x48 C:/ST/STM32CubeIDE_1.13.2/STM32CubeIDE/plugins/com.st.stm32cube.ide.mcu.externaltools.gnu-tools-for-stm32.11.3.rel1.win32_1.1.1.202309131626/tools/bin/../lib/gcc/arm-none-eabi/11.3.1/../../../../arm-none-eabi/lib/thumb/v7e-m+fp/hard\libc_nano.a(libc_a-init.o)
                0x0000000008002de0                __libc_init_array
 *(.glue_7)
 .glue_7        0x0000000008002e28        0x0 linker stubs
 *(.glue_7t)
 .glue_7t       0x0000000008002e28        0x0 linker stubs
 *(.eh_frame)
 .eh_frame      0x0000000008002e28        0x0 C:/ST/STM32CubeIDE_1.13.2/STM32CubeIDE/plugins/com.st.stm32cube.ide.mcu.externaltools.gnu-tools-for-stm32.11.3.rel1.win32_1.1.1.202309131626/tools/bin/../lib/gcc/arm-none-eabi/11.3.1/thumb/v7e-m+fp/hard/crtbegin.o
 *(.init)
 .init          0x0000000008002e28        0x4 C:/ST/STM32CubeIDE_1.13.2/STM32CubeIDE/plugins/com.st.stm32cube.ide.mcu.externaltools.gnu-tools-for-stm32.11.3.rel1.win32_1.1.1.202309131626/tools/bin/../lib/gcc/arm-none-eabi/11.3.1/thumb/v7e-m+fp/hard/crti.o
                0x0000000008002e28                _init
 .init          0x0000000008002e2c        0x8 C:/ST/STM32CubeIDE_1.13.2/STM32CubeIDE/plugins/com.st.stm32cube.ide.mcu.externaltools.gnu-tools-for-stm32.11.3.rel1.win32_1.1.1.202309131626/tools/bin/../lib/gcc/arm-none-eabi/11.3.1/thumb/v7e-m+fp/hard/crtn.o
 *(.fini)
 .fini          0x0000000008002e34        0x4 C:/ST/STM32CubeIDE_1.13.2/STM32CubeIDE/plugins/com.st.stm32cube.ide.mcu.externaltools.gnu-tools-for-stm32.11.3.rel1.win32_1.1.1.202309131626/tools/bin/../lib/gcc/arm-none-eabi/11.3.1/thumb/v7e-m+fp/hard/crti.o
                0x0000000008002e34                _fini
 .fini          0x0000000008002e38        0x8 C:/ST/STM32CubeIDE_1.13.2/STM32CubeIDE/plugins/com.st.stm32cube.ide.mcu.externaltools.gnu-tools-for-stm32.11.3.rel1.win32_1.1.1.202309131626/tools/bin/../lib/gcc/arm-none-eabi/11.3.1/thumb/v7e-m+fp/hard/crtn.o
                0x0000000008002e40                . = ALIGN (0x4)
                0x0000000008002e40                _etext = .

.vfp11_veneer   0x0000000008002e40        0x0
 .vfp11_veneer  0x0000000008002e40        0x0 linker stubs

.v4_bx          0x0000000008002e40        0x0
 .v4_bx         0x0000000008002e40        0x0 linker stubs

.iplt           0x0000000008002e40        0x0
 .iplt          0x0000000008002e40        0x0 C:/ST/STM32CubeIDE_1.13.2/STM32CubeIDE/plugins/com.st.stm32cube.ide.mcu.externaltools.gnu-tools-for-stm32.11.3.rel1.win32_1.1.1.202309131626/tools/bin/../lib/gcc/arm-none-eabi/11.3.1/thumb/v7e-m+fp/hard/crtbegin.o

.rodata         0x0000000008002e40    0x70810
                0x0000000008002e40                . = ALIGN (0x4)
 *(.rodata)
 *(.rodata*)
 .rodata.AHBPrescTable
                0x0000000008002e40       0x10 ./Core/Src/system_stm32f4xx.o
                0x0000000008002e40                AHBPrescTable
 .rodata.t1_320x240_map
                0x0000000008002e50    0x25800 ./Core/Src/t1_320x240.o
                0x0000000008002e50                t1_320x240_map
 .rodata.t2_320x240_map
                0x0000000008028650    0x25800 ./Core/Src/t2_320x240.o
                0x0000000008028650                t2_320x240_map
 .rodata.t3_320x240_map
                0x000000000804de50    0x25800 ./Core/Src/t3_320x240.o
                0x000000000804de50                t3_320x240_map
                0x0000000008073650                . = ALIGN (0x4)

.ARM.extab      0x0000000008073650        0x0
                0x0000000008073650                . = ALIGN (0x4)
 *(.ARM.extab* .gnu.linkonce.armextab.*)
                0x0000000008073650                . = ALIGN (0x4)

.ARM            0x0000000008073650        0x8
                0x0000000008073650                . = ALIGN (0x4)
                0x0000000008073650                __exidx_start = .
 *(.ARM.exidx*)
 .ARM.exidx     0x0000000008073650        0x8 C:/ST/STM32CubeIDE_1.13.2/STM32CubeIDE/plugins/com.st.stm32cube.ide.mcu.externaltools.gnu-tools-for-stm32.11.3.rel1.win32_1.1.1.202309131626/tools/bin/../lib/gcc/arm-none-eabi/11.3.1/thumb/v7e-m+fp/hard\libgcc.a(_udivmoddi4.o)
                0x0000000008073658                __exidx_end = .
                0x0000000008073658                . = ALIGN (0x4)

.rel.dyn        0x0000000008073658        0x0
 .rel.iplt      0x0000000008073658        0x0 C:/ST/STM32CubeIDE_1.13.2/STM32CubeIDE/plugins/com.st.stm32cube.ide.mcu.externaltools.gnu-tools-for-stm32.11.3.rel1.win32_1.1.1.202309131626/tools/bin/../lib/gcc/arm-none-eabi/11.3.1/thumb/v7e-m+fp/hard/crtbegin.o

.preinit_array  0x0000000008073658        0x0
                0x0000000008073658                . = ALIGN (0x4)
                0x0000000008073658                PROVIDE (__preinit_array_start = .)
 *(.preinit_array*)
                0x0000000008073658                PROVIDE (__preinit_array_end = .)
                0x0000000008073658                . = ALIGN (0x4)

.init_array     0x0000000008073658        0x4
                0x0000000008073658                . = ALIGN (0x4)
                0x0000000008073658                PROVIDE (__init_array_start = .)
 *(SORT_BY_NAME(.init_array.*))
 *(.init_array*)
 .init_array    0x0000000008073658        0x4 C:/ST/STM32CubeIDE_1.13.2/STM32CubeIDE/plugins/com.st.stm32cube.ide.mcu.externaltools.gnu-tools-for-stm32.11.3.rel1.win32_1.1.1.202309131626/tools/bin/../lib/gcc/arm-none-eabi/11.3.1/thumb/v7e-m+fp/hard/crtbegin.o
                0x000000000807365c                PROVIDE (__init_array_end = .)
                0x000000000807365c                . = ALIGN (0x4)

.fini_array     0x000000000807365c        0x4
                0x000000000807365c                . = ALIGN (0x4)
                [!provide]                        PROVIDE (__fini_array_start = .)
 *(SORT_BY_NAME(.fini_array.*))
 *(.fini_array*)
 .fini_array    0x000000000807365c        0x4 C:/ST/STM32CubeIDE_1.13.2/STM32CubeIDE/plugins/com.st.stm32cube.ide.mcu.externaltools.gnu-tools-for-stm32.11.3.rel1.win32_1.1.1.202309131626/tools/bin/../lib/gcc/arm-none-eabi/11.3.1/thumb/v7e-m+fp/hard/crtbegin.o
                [!provide]                        PROVIDE (__fini_array_end = .)
                0x0000000008073660                . = ALIGN (0x4)
                0x0000000008073660                _sidata = LOADADDR (.data)

.data           0x0000000020000000        0xc load address 0x0000000008073660
                0x0000000020000000                . = ALIGN (0x4)
                0x0000000020000000                _sdata = .
 *(.data)
 *(.data*)
 .data.SystemCoreClock
                0x0000000020000000        0x4 ./Core/Src/system_stm32f4xx.o
                0x0000000020000000                SystemCoreClock
 .data.uwTickPrio
                0x0000000020000004        0x4 ./Drivers/STM32F4xx_HAL_Driver/Src/stm32f4xx_hal.o
                0x0000000020000004                uwTickPrio
 .data.uwTickFreq
                0x0000000020000008        0x1 ./Drivers/STM32F4xx_HAL_Driver/Src/stm32f4xx_hal.o
                0x0000000020000008                uwTickFreq
 *(.RamFunc)
 *(.RamFunc*)
                0x000000002000000c                . = ALIGN (0x4)
 *fill*         0x0000000020000009        0x3 
                0x000000002000000c                _edata = .
                0x000000000807366c                _siccmram = LOADADDR (.ccmram)

.igot.plt       0x000000002000000c        0x0 load address 0x000000000807366c
 .igot.plt      0x000000002000000c        0x0 C:/ST/STM32CubeIDE_1.13.2/STM32CubeIDE/plugins/com.st.stm32cube.ide.mcu.externaltools.gnu-tools-for-stm32.11.3.rel1.win32_1.1.1.202309131626/tools/bin/../lib/gcc/arm-none-eabi/11.3.1/thumb/v7e-m+fp/hard/crtbegin.o

.ccmram         0x0000000010000000        0x0 load address 0x000000000807366c
                0x0000000010000000                . = ALIGN (0x4)
                0x0000000010000000                _sccmram = .
 *(.ccmram)
 *(.ccmram*)
                0x0000000010000000                . = ALIGN (0x4)
                0x0000000010000000                _eccmram = .
                0x0000000010000000                . = ALIGN (0x4)

.bss            0x000000002000000c       0xc8
                0x000000002000000c                _sbss = .
                0x000000002000000c                __bss_start__ = _sbss
 *(.bss)
 .bss           0x000000002000000c       0x1c C:/ST/STM32CubeIDE_1.13.2/STM32CubeIDE/plugins/com.st.stm32cube.ide.mcu.externaltools.gnu-tools-for-stm32.11.3.rel1.win32_1.1.1.202309131626/tools/bin/../lib/gcc/arm-none-eabi/11.3.1/thumb/v7e-m+fp/hard/crtbegin.o
 *(.bss*)
 .bss.hltdc     0x0000000020000028       0xa8 ./Core/Src/main.o
                0x0000000020000028                hltdc
 .bss.uwTick    0x00000000200000d0        0x4 ./Drivers/STM32F4xx_HAL_Driver/Src/stm32f4xx_hal.o
                0x00000000200000d0                uwTick
 *(COMMON)
                0x00000000200000d4                . = ALIGN (0x4)
                0x00000000200000d4                _ebss = .
                0x00000000200000d4                __bss_end__ = _ebss

._user_heap_stack
                0x00000000200000d4      0x604
                0x00000000200000d8                . = ALIGN (0x8)
 *fill*         0x00000000200000d4        0x4 
                [!provide]                        PROVIDE (end = .)
                0x00000000200000d8                PROVIDE (_end = .)
                0x00000000200002d8                . = (. + _Min_Heap_Size)
 *fill*         0x00000000200000d8      0x200 
                0x00000000200006d8                . = (. + _Min_Stack_Size)
 *fill*         0x00000000200002d8      0x400 
                0x00000000200006d8                . = ALIGN (0x8)

/DISCARD/
 libc.a(*)
 libm.a(*)
 libgcc.a(*)

.ARM.attributes
                0x0000000000000000       0x30
 *(.ARM.attributes)
 .ARM.attributes
                0x0000000000000000       0x1e C:/ST/STM32CubeIDE_1.13.2/STM32CubeIDE/plugins/com.st.stm32cube.ide.mcu.externaltools.gnu-tools-for-stm32.11.3.rel1.win32_1.1.1.202309131626/tools/bin/../lib/gcc/arm-none-eabi/11.3.1/thumb/v7e-m+fp/hard/crti.o
 .ARM.attributes
                0x000000000000001e       0x34 C:/ST/STM32CubeIDE_1.13.2/STM32CubeIDE/plugins/com.st.stm32cube.ide.mcu.externaltools.gnu-tools-for-stm32.11.3.rel1.win32_1.1.1.202309131626/tools/bin/../lib/gcc/arm-none-eabi/11.3.1/thumb/v7e-m+fp/hard/crtbegin.o
 .ARM.attributes
                0x0000000000000052       0x34 ./Core/Src/bsp_lcd.o
 .ARM.attributes
                0x0000000000000086       0x34 ./Core/Src/main.o
 .ARM.attributes
                0x00000000000000ba       0x34 ./Core/Src/stm32f4xx_hal_msp.o
 .ARM.attributes
                0x00000000000000ee       0x34 ./Core/Src/stm32f4xx_it.o
 .ARM.attributes
                0x0000000000000122       0x34 ./Core/Src/system_stm32f4xx.o
 .ARM.attributes
                0x0000000000000156       0x34 ./Core/Src/t1_320x240.o
 .ARM.attributes
                0x000000000000018a       0x34 ./Core/Src/t2_320x240.o
 .ARM.attributes
                0x00000000000001be       0x34 ./Core/Src/t3_320x240.o
 .ARM.attributes
                0x00000000000001f2       0x21 ./Core/Startup/startup_stm32f429zitx.o
 .ARM.attributes
                0x0000000000000213       0x34 ./Drivers/STM32F4xx_HAL_Driver/Src/stm32f4xx_hal.o
 .ARM.attributes
                0x0000000000000247       0x34 ./Drivers/STM32F4xx_HAL_Driver/Src/stm32f4xx_hal_cortex.o
 .ARM.attributes
                0x000000000000027b       0x34 ./Drivers/STM32F4xx_HAL_Driver/Src/stm32f4xx_hal_gpio.o
 .ARM.attributes
                0x00000000000002af       0x34 ./Drivers/STM32F4xx_HAL_Driver/Src/stm32f4xx_hal_ltdc.o
 .ARM.attributes
                0x00000000000002e3       0x34 ./Drivers/STM32F4xx_HAL_Driver/Src/stm32f4xx_hal_pwr_ex.o
 .ARM.attributes
                0x0000000000000317       0x34 ./Drivers/STM32F4xx_HAL_Driver/Src/stm32f4xx_hal_rcc.o
 .ARM.attributes
                0x000000000000034b       0x34 ./Drivers/STM32F4xx_HAL_Driver/Src/stm32f4xx_hal_rcc_ex.o
 .ARM.attributes
                0x000000000000037f       0x34 C:/ST/STM32CubeIDE_1.13.2/STM32CubeIDE/plugins/com.st.stm32cube.ide.mcu.externaltools.gnu-tools-for-stm32.11.3.rel1.win32_1.1.1.202309131626/tools/bin/../lib/gcc/arm-none-eabi/11.3.1/../../../../arm-none-eabi/lib/thumb/v7e-m+fp/hard\libc_nano.a(libc_a-memset.o)
 .ARM.attributes
                0x00000000000003b3       0x34 C:/ST/STM32CubeIDE_1.13.2/STM32CubeIDE/plugins/com.st.stm32cube.ide.mcu.externaltools.gnu-tools-for-stm32.11.3.rel1.win32_1.1.1.202309131626/tools/bin/../lib/gcc/arm-none-eabi/11.3.1/../../../../arm-none-eabi/lib/thumb/v7e-m+fp/hard\libc_nano.a(libc_a-init.o)
 .ARM.attributes
                0x00000000000003e7       0x1e C:/ST/STM32CubeIDE_1.13.2/STM32CubeIDE/plugins/com.st.stm32cube.ide.mcu.externaltools.gnu-tools-for-stm32.11.3.rel1.win32_1.1.1.202309131626/tools/bin/../lib/gcc/arm-none-eabi/11.3.1/thumb/v7e-m+fp/hard\libgcc.a(_aeabi_uldivmod.o)
 .ARM.attributes
                0x0000000000000405       0x34 C:/ST/STM32CubeIDE_1.13.2/STM32CubeIDE/plugins/com.st.stm32cube.ide.mcu.externaltools.gnu-tools-for-stm32.11.3.rel1.win32_1.1.1.202309131626/tools/bin/../lib/gcc/arm-none-eabi/11.3.1/thumb/v7e-m+fp/hard\libgcc.a(_udivmoddi4.o)
 .ARM.attributes
                0x0000000000000439       0x1e C:/ST/STM32CubeIDE_1.13.2/STM32CubeIDE/plugins/com.st.stm32cube.ide.mcu.externaltools.gnu-tools-for-stm32.11.3.rel1.win32_1.1.1.202309131626/tools/bin/../lib/gcc/arm-none-eabi/11.3.1/thumb/v7e-m+fp/hard\libgcc.a(_dvmd_tls.o)
 .ARM.attributes
                0x0000000000000457       0x1e C:/ST/STM32CubeIDE_1.13.2/STM32CubeIDE/plugins/com.st.stm32cube.ide.mcu.externaltools.gnu-tools-for-stm32.11.3.rel1.win32_1.1.1.202309131626/tools/bin/../lib/gcc/arm-none-eabi/11.3.1/thumb/v7e-m+fp/hard/crtn.o
OUTPUT(F429x_Roaring_tiger_demo.elf elf32-littlearm)
LOAD linker stubs
LOAD C:/ST/STM32CubeIDE_1.13.2/STM32CubeIDE/plugins/com.st.stm32cube.ide.mcu.externaltools.gnu-tools-for-stm32.11.3.rel1.win32_1.1.1.202309131626/tools/bin/../lib/gcc/arm-none-eabi/11.3.1/../../../../arm-none-eabi/lib/thumb/v7e-m+fp/hard\libc.a
LOAD C:/ST/STM32CubeIDE_1.13.2/STM32CubeIDE/plugins/com.st.stm32cube.ide.mcu.externaltools.gnu-tools-for-stm32.11.3.rel1.win32_1.1.1.202309131626/tools/bin/../lib/gcc/arm-none-eabi/11.3.1/../../../../arm-none-eabi/lib/thumb/v7e-m+fp/hard\libm.a
LOAD C:/ST/STM32CubeIDE_1.13.2/STM32CubeIDE/plugins/com.st.stm32cube.ide.mcu.externaltools.gnu-tools-for-stm32.11.3.rel1.win32_1.1.1.202309131626/tools/bin/../lib/gcc/arm-none-eabi/11.3.1/thumb/v7e-m+fp/hard\libgcc.a

.comment        0x0000000000000000       0x43
 .comment       0x0000000000000000       0x43 C:/ST/STM32CubeIDE_1.13.2/STM32CubeIDE/plugins/com.st.stm32cube.ide.mcu.externaltools.gnu-tools-for-stm32.11.3.rel1.win32_1.1.1.202309131626/tools/bin/../lib/gcc/arm-none-eabi/11.3.1/thumb/v7e-m+fp/hard/crtbegin.o
                                         0x44 (size before relaxing)
 .comment       0x0000000000000043       0x44 ./Core/Src/bsp_lcd.o
 .comment       0x0000000000000043       0x44 ./Core/Src/main.o
 .comment       0x0000000000000043       0x44 ./Core/Src/stm32f4xx_hal_msp.o
 .comment       0x0000000000000043       0x44 ./Core/Src/stm32f4xx_it.o
 .comment       0x0000000000000043       0x44 ./Core/Src/system_stm32f4xx.o
 .comment       0x0000000000000043       0x44 ./Core/Src/t1_320x240.o
 .comment       0x0000000000000043       0x44 ./Core/Src/t2_320x240.o
 .comment       0x0000000000000043       0x44 ./Core/Src/t3_320x240.o
 .comment       0x0000000000000043       0x44 ./Drivers/STM32F4xx_HAL_Driver/Src/stm32f4xx_hal.o
 .comment       0x0000000000000043       0x44 ./Drivers/STM32F4xx_HAL_Driver/Src/stm32f4xx_hal_cortex.o
 .comment       0x0000000000000043       0x44 ./Drivers/STM32F4xx_HAL_Driver/Src/stm32f4xx_hal_gpio.o
 .comment       0x0000000000000043       0x44 ./Drivers/STM32F4xx_HAL_Driver/Src/stm32f4xx_hal_ltdc.o
 .comment       0x0000000000000043       0x44 ./Drivers/STM32F4xx_HAL_Driver/Src/stm32f4xx_hal_pwr_ex.o
 .comment       0x0000000000000043       0x44 ./Drivers/STM32F4xx_HAL_Driver/Src/stm32f4xx_hal_rcc.o
 .comment       0x0000000000000043       0x44 ./Drivers/STM32F4xx_HAL_Driver/Src/stm32f4xx_hal_rcc_ex.o

.debug_info     0x0000000000000000     0x6d28
 .debug_info    0x0000000000000000      0x654 ./Core/Src/bsp_lcd.o
 .debug_info    0x0000000000000654      0x95c ./Core/Src/main.o
 .debug_info    0x0000000000000fb0      0xd06 ./Core/Src/stm32f4xx_hal_msp.o
 .debug_info    0x0000000000001cb6      0x502 ./Core/Src/stm32f4xx_it.o
 .debug_info    0x00000000000021b8      0x52e ./Core/Src/system_stm32f4xx.o
 .debug_info    0x00000000000026e6       0xb0 ./Core/Src/t1_320x240.o
 .debug_info    0x0000000000002796       0xb0 ./Core/Src/t2_320x240.o
 .debug_info    0x0000000000002846       0xb0 ./Core/Src/t3_320x240.o
 .debug_info    0x00000000000028f6       0x23 ./Core/Startup/startup_stm32f429zitx.o
 .debug_info    0x0000000000002919      0x9be ./Drivers/STM32F4xx_HAL_Driver/Src/stm32f4xx_hal.o
 .debug_info    0x00000000000032d7      0xd7c ./Drivers/STM32F4xx_HAL_Driver/Src/stm32f4xx_hal_cortex.o
 .debug_info    0x0000000000004053      0x6db ./Drivers/STM32F4xx_HAL_Driver/Src/stm32f4xx_hal_gpio.o
 .debug_info    0x000000000000472e     0x1022 ./Drivers/STM32F4xx_HAL_Driver/Src/stm32f4xx_hal_ltdc.o
 .debug_info    0x0000000000005750      0x6be ./Drivers/STM32F4xx_HAL_Driver/Src/stm32f4xx_hal_pwr_ex.o
 .debug_info    0x0000000000005e0e      0x8c9 ./Drivers/STM32F4xx_HAL_Driver/Src/stm32f4xx_hal_rcc.o
 .debug_info    0x00000000000066d7      0x651 ./Drivers/STM32F4xx_HAL_Driver/Src/stm32f4xx_hal_rcc_ex.o

.debug_abbrev   0x0000000000000000     0x1921
 .debug_abbrev  0x0000000000000000      0x1e8 ./Core/Src/bsp_lcd.o
 .debug_abbrev  0x00000000000001e8      0x23b ./Core/Src/main.o
 .debug_abbrev  0x0000000000000423      0x1c7 ./Core/Src/stm32f4xx_hal_msp.o
 .debug_abbrev  0x00000000000005ea      0x16d ./Core/Src/stm32f4xx_it.o
 .debug_abbrev  0x0000000000000757      0x11a ./Core/Src/system_stm32f4xx.o
 .debug_abbrev  0x0000000000000871       0x63 ./Core/Src/t1_320x240.o
 .debug_abbrev  0x00000000000008d4       0x63 ./Core/Src/t2_320x240.o
 .debug_abbrev  0x0000000000000937       0x63 ./Core/Src/t3_320x240.o
 .debug_abbrev  0x000000000000099a       0x12 ./Core/Startup/startup_stm32f429zitx.o
 .debug_abbrev  0x00000000000009ac      0x213 ./Drivers/STM32F4xx_HAL_Driver/Src/stm32f4xx_hal.o
 .debug_abbrev  0x0000000000000bbf      0x327 ./Drivers/STM32F4xx_HAL_Driver/Src/stm32f4xx_hal_cortex.o
 .debug_abbrev  0x0000000000000ee6      0x1d4 ./Drivers/STM32F4xx_HAL_Driver/Src/stm32f4xx_hal_gpio.o
 .debug_abbrev  0x00000000000010ba      0x233 ./Drivers/STM32F4xx_HAL_Driver/Src/stm32f4xx_hal_ltdc.o
 .debug_abbrev  0x00000000000012ed      0x1cf ./Drivers/STM32F4xx_HAL_Driver/Src/stm32f4xx_hal_pwr_ex.o
 .debug_abbrev  0x00000000000014bc      0x2b6 ./Drivers/STM32F4xx_HAL_Driver/Src/stm32f4xx_hal_rcc.o
 .debug_abbrev  0x0000000000001772      0x1af ./Drivers/STM32F4xx_HAL_Driver/Src/stm32f4xx_hal_rcc_ex.o

.debug_aranges  0x0000000000000000      0x6e0
 .debug_aranges
                0x0000000000000000       0x68 ./Core/Src/bsp_lcd.o
 .debug_aranges
                0x0000000000000068       0x38 ./Core/Src/main.o
 .debug_aranges
                0x00000000000000a0       0x30 ./Core/Src/stm32f4xx_hal_msp.o
 .debug_aranges
                0x00000000000000d0       0x70 ./Core/Src/stm32f4xx_it.o
 .debug_aranges
                0x0000000000000140       0x28 ./Core/Src/system_stm32f4xx.o
 .debug_aranges
                0x0000000000000168       0x18 ./Core/Src/t1_320x240.o
 .debug_aranges
                0x0000000000000180       0x18 ./Core/Src/t2_320x240.o
 .debug_aranges
                0x0000000000000198       0x18 ./Core/Src/t3_320x240.o
 .debug_aranges
                0x00000000000001b0       0x28 ./Core/Startup/startup_stm32f429zitx.o
 .debug_aranges
                0x00000000000001d8      0x100 ./Drivers/STM32F4xx_HAL_Driver/Src/stm32f4xx_hal.o
 .debug_aranges
                0x00000000000002d8      0x118 ./Drivers/STM32F4xx_HAL_Driver/Src/stm32f4xx_hal_cortex.o
 .debug_aranges
                0x00000000000003f0       0x58 ./Drivers/STM32F4xx_HAL_Driver/Src/stm32f4xx_hal_gpio.o
 .debug_aranges
                0x0000000000000448      0x158 ./Drivers/STM32F4xx_HAL_Driver/Src/stm32f4xx_hal_ltdc.o
 .debug_aranges
                0x00000000000005a0       0x60 ./Drivers/STM32F4xx_HAL_Driver/Src/stm32f4xx_hal_pwr_ex.o
 .debug_aranges
                0x0000000000000600       0x88 ./Drivers/STM32F4xx_HAL_Driver/Src/stm32f4xx_hal_rcc.o
 .debug_aranges
                0x0000000000000688       0x58 ./Drivers/STM32F4xx_HAL_Driver/Src/stm32f4xx_hal_rcc_ex.o

.debug_rnglists
                0x0000000000000000      0x4db
 .debug_rnglists
                0x0000000000000000       0x4f ./Core/Src/bsp_lcd.o
 .debug_rnglists
                0x000000000000004f       0x27 ./Core/Src/main.o
 .debug_rnglists
                0x0000000000000076       0x21 ./Core/Src/stm32f4xx_hal_msp.o
 .debug_rnglists
                0x0000000000000097       0x4f ./Core/Src/stm32f4xx_it.o
 .debug_rnglists
                0x00000000000000e6       0x1a ./Core/Src/system_stm32f4xx.o
 .debug_rnglists
                0x0000000000000100       0x19 ./Core/Startup/startup_stm32f429zitx.o
 .debug_rnglists
                0x0000000000000119       0xbb ./Drivers/STM32F4xx_HAL_Driver/Src/stm32f4xx_hal.o
 .debug_rnglists
                0x00000000000001d4       0xce ./Drivers/STM32F4xx_HAL_Driver/Src/stm32f4xx_hal_cortex.o
 .debug_rnglists
                0x00000000000002a2       0x3f ./Drivers/STM32F4xx_HAL_Driver/Src/stm32f4xx_hal_gpio.o
 .debug_rnglists
                0x00000000000002e1      0x10a ./Drivers/STM32F4xx_HAL_Driver/Src/stm32f4xx_hal_ltdc.o
 .debug_rnglists
                0x00000000000003eb       0x47 ./Drivers/STM32F4xx_HAL_Driver/Src/stm32f4xx_hal_pwr_ex.o
 .debug_rnglists
                0x0000000000000432       0x66 ./Drivers/STM32F4xx_HAL_Driver/Src/stm32f4xx_hal_rcc.o
 .debug_rnglists
                0x0000000000000498       0x43 ./Drivers/STM32F4xx_HAL_Driver/Src/stm32f4xx_hal_rcc_ex.o

.debug_macro    0x0000000000000000    0x238f4
 .debug_macro   0x0000000000000000      0x220 ./Core/Src/bsp_lcd.o
 .debug_macro   0x0000000000000220      0xaa8 ./Core/Src/bsp_lcd.o
 .debug_macro   0x0000000000000cc8       0x28 ./Core/Src/bsp_lcd.o
 .debug_macro   0x0000000000000cf0       0x22 ./Core/Src/bsp_lcd.o
 .debug_macro   0x0000000000000d12       0x8e ./Core/Src/bsp_lcd.o
 .debug_macro   0x0000000000000da0       0x51 ./Core/Src/bsp_lcd.o
 .debug_macro   0x0000000000000df1      0x103 ./Core/Src/bsp_lcd.o
 .debug_macro   0x0000000000000ef4       0x6a ./Core/Src/bsp_lcd.o
 .debug_macro   0x0000000000000f5e      0x1df ./Core/Src/bsp_lcd.o
 .debug_macro   0x000000000000113d       0x1c ./Core/Src/bsp_lcd.o
 .debug_macro   0x0000000000001159       0x22 ./Core/Src/bsp_lcd.o
 .debug_macro   0x000000000000117b       0xd9 ./Core/Src/bsp_lcd.o
 .debug_macro   0x0000000000001254     0x102d ./Core/Src/bsp_lcd.o
 .debug_macro   0x0000000000002281      0x11f ./Core/Src/bsp_lcd.o
 .debug_macro   0x00000000000023a0    0x17fc0 ./Core/Src/bsp_lcd.o
 .debug_macro   0x000000000001a360       0x3a ./Core/Src/bsp_lcd.o
 .debug_macro   0x000000000001a39a       0x61 ./Core/Src/bsp_lcd.o
 .debug_macro   0x000000000001a3fb       0x2a ./Core/Src/bsp_lcd.o
 .debug_macro   0x000000000001a425       0x43 ./Core/Src/bsp_lcd.o
 .debug_macro   0x000000000001a468       0x34 ./Core/Src/bsp_lcd.o
 .debug_macro   0x000000000001a49c       0x16 ./Core/Src/bsp_lcd.o
 .debug_macro   0x000000000001a4b2       0x97 ./Core/Src/bsp_lcd.o
 .debug_macro   0x000000000001a549      0x369 ./Core/Src/bsp_lcd.o
 .debug_macro   0x000000000001a8b2       0xfd ./Core/Src/bsp_lcd.o
 .debug_macro   0x000000000001a9af       0x10 ./Core/Src/bsp_lcd.o
 .debug_macro   0x000000000001a9bf       0x16 ./Core/Src/bsp_lcd.o
 .debug_macro   0x000000000001a9d5       0x43 ./Core/Src/bsp_lcd.o
 .debug_macro   0x000000000001aa18       0x34 ./Core/Src/bsp_lcd.o
 .debug_macro   0x000000000001aa4c       0x10 ./Core/Src/bsp_lcd.o
 .debug_macro   0x000000000001aa5c       0x58 ./Core/Src/bsp_lcd.o
 .debug_macro   0x000000000001aab4       0x8e ./Core/Src/bsp_lcd.o
 .debug_macro   0x000000000001ab42       0x1c ./Core/Src/bsp_lcd.o
 .debug_macro   0x000000000001ab5e      0x177 ./Core/Src/bsp_lcd.o
 .debug_macro   0x000000000001acd5       0x16 ./Core/Src/bsp_lcd.o
 .debug_macro   0x000000000001aceb       0x16 ./Core/Src/bsp_lcd.o
 .debug_macro   0x000000000001ad01      0x147 ./Core/Src/bsp_lcd.o
 .debug_macro   0x000000000001ae48      0x1f0 ./Core/Src/bsp_lcd.o
 .debug_macro   0x000000000001b038      0x1b4 ./Core/Src/bsp_lcd.o
 .debug_macro   0x000000000001b1ec       0xa0 ./Core/Src/bsp_lcd.o
 .debug_macro   0x000000000001b28c      0x301 ./Core/Src/main.o
 .debug_macro   0x000000000001b58d      0x29b ./Core/Src/main.o
 .debug_macro   0x000000000001b828       0x2e ./Core/Src/main.o
 .debug_macro   0x000000000001b856       0x6d ./Core/Src/main.o
 .debug_macro   0x000000000001b8c3     0x36f5 ./Core/Src/main.o
 .debug_macro   0x000000000001efb8      0x174 ./Core/Src/main.o
 .debug_macro   0x000000000001f12c       0x5c ./Core/Src/main.o
 .debug_macro   0x000000000001f188      0xca5 ./Core/Src/main.o
 .debug_macro   0x000000000001fe2d      0x9fe ./Core/Src/main.o
 .debug_macro   0x000000000002082b      0x115 ./Core/Src/main.o
 .debug_macro   0x0000000000020940      0x156 ./Core/Src/main.o
 .debug_macro   0x0000000000020a96       0xa5 ./Core/Src/main.o
 .debug_macro   0x0000000000020b3b      0x182 ./Core/Src/main.o
 .debug_macro   0x0000000000020cbd      0x287 ./Core/Src/main.o
 .debug_macro   0x0000000000020f44       0x5f ./Core/Src/main.o
 .debug_macro   0x0000000000020fa3      0x236 ./Core/Src/main.o
 .debug_macro   0x00000000000211d9      0x132 ./Core/Src/main.o
 .debug_macro   0x000000000002130b      0x41d ./Core/Src/main.o
 .debug_macro   0x0000000000021728       0x2e ./Core/Src/main.o
 .debug_macro   0x0000000000021756      0x198 ./Core/Src/main.o
 .debug_macro   0x00000000000218ee       0xd6 ./Core/Src/main.o
 .debug_macro   0x00000000000219c4      0x11a ./Core/Src/main.o
 .debug_macro   0x0000000000021ade       0xe2 ./Core/Src/main.o
 .debug_macro   0x0000000000021bc0       0x89 ./Core/Src/main.o
 .debug_macro   0x0000000000021c49      0x225 ./Core/Src/main.o
 .debug_macro   0x0000000000021e6e      0x134 ./Core/Src/main.o
 .debug_macro   0x0000000000021fa2      0x4c8 ./Core/Src/main.o
 .debug_macro   0x000000000002246a       0x35 ./Core/Src/main.o
 .debug_macro   0x000000000002249f      0x1e3 ./Core/Src/stm32f4xx_hal_msp.o
 .debug_macro   0x0000000000022682      0x1ed ./Core/Src/stm32f4xx_it.o
 .debug_macro   0x000000000002286f      0x1d4 ./Core/Src/system_stm32f4xx.o
 .debug_macro   0x0000000000022a43       0x69 ./Core/Src/t1_320x240.o
 .debug_macro   0x0000000000022aac       0x69 ./Core/Src/t2_320x240.o
 .debug_macro   0x0000000000022b15       0x69 ./Core/Src/t3_320x240.o
 .debug_macro   0x0000000000022b7e      0x234 ./Drivers/STM32F4xx_HAL_Driver/Src/stm32f4xx_hal.o
 .debug_macro   0x0000000000022db2      0x1d4 ./Drivers/STM32F4xx_HAL_Driver/Src/stm32f4xx_hal_cortex.o
 .debug_macro   0x0000000000022f86      0x1da ./Drivers/STM32F4xx_HAL_Driver/Src/stm32f4xx_hal_gpio.o
 .debug_macro   0x0000000000023160      0x1dc ./Drivers/STM32F4xx_HAL_Driver/Src/stm32f4xx_hal_ltdc.o
 .debug_macro   0x000000000002333c      0x1ec ./Drivers/STM32F4xx_HAL_Driver/Src/stm32f4xx_hal_pwr_ex.o
 .debug_macro   0x0000000000023528      0x1f8 ./Drivers/STM32F4xx_HAL_Driver/Src/stm32f4xx_hal_rcc.o
 .debug_macro   0x0000000000023720      0x1d4 ./Drivers/STM32F4xx_HAL_Driver/Src/stm32f4xx_hal_rcc_ex.o

.debug_line     0x0000000000000000     0x9537
 .debug_line    0x0000000000000000      0x951 ./Core/Src/bsp_lcd.o
 .debug_line    0x0000000000000951      0x9e0 ./Core/Src/main.o
 .debug_line    0x0000000000001331      0x831 ./Core/Src/stm32f4xx_hal_msp.o
 .debug_line    0x0000000000001b62      0x83a ./Core/Src/stm32f4xx_it.o
 .debug_line    0x000000000000239c      0x7c9 ./Core/Src/system_stm32f4xx.o
 .debug_line    0x0000000000002b65      0x3f8 ./Core/Src/t1_320x240.o
 .debug_line    0x0000000000002f5d      0x3f8 ./Core/Src/t2_320x240.o
 .debug_line    0x0000000000003355      0x3f8 ./Core/Src/t3_320x240.o
 .debug_line    0x000000000000374d       0x7a ./Core/Startup/startup_stm32f429zitx.o
 .debug_line    0x00000000000037c7      0xa65 ./Drivers/STM32F4xx_HAL_Driver/Src/stm32f4xx_hal.o
 .debug_line    0x000000000000422c      0xcde ./Drivers/STM32F4xx_HAL_Driver/Src/stm32f4xx_hal_cortex.o
 .debug_line    0x0000000000004f0a      0xbcb ./Drivers/STM32F4xx_HAL_Driver/Src/stm32f4xx_hal_gpio.o
 .debug_line    0x0000000000005ad5     0x1762 ./Drivers/STM32F4xx_HAL_Driver/Src/stm32f4xx_hal_ltdc.o
 .debug_line    0x0000000000007237      0x958 ./Drivers/STM32F4xx_HAL_Driver/Src/stm32f4xx_hal_pwr_ex.o
 .debug_line    0x0000000000007b8f      0xda8 ./Drivers/STM32F4xx_HAL_Driver/Src/stm32f4xx_hal_rcc.o
 .debug_line    0x0000000000008937      0xc00 ./Drivers/STM32F4xx_HAL_Driver/Src/stm32f4xx_hal_rcc_ex.o

.debug_str      0x0000000000000000    0xd40c8
 .debug_str     0x0000000000000000    0x97bff ./Core/Src/bsp_lcd.o
                                      0x97e09 (size before relaxing)
 .debug_str     0x0000000000097bff    0x3a74e ./Core/Src/main.o
                                      0xd22e8 (size before relaxing)
 .debug_str     0x00000000000d234d      0x745 ./Core/Src/stm32f4xx_hal_msp.o
                                      0xcde75 (size before relaxing)
 .debug_str     0x00000000000d2a92       0xf0 ./Core/Src/stm32f4xx_it.o
                                      0xcd693 (size before relaxing)
 .debug_str     0x00000000000d2b82       0xdb ./Core/Src/system_stm32f4xx.o
                                      0xcc56e (size before relaxing)
 .debug_str     0x00000000000d2c5d       0x2c ./Core/Src/t1_320x240.o
                                       0x3d51 (size before relaxing)
 .debug_str     0x00000000000d2c89       0x19 ./Core/Src/t2_320x240.o
                                       0x3d51 (size before relaxing)
 .debug_str     0x00000000000d2ca2       0x19 ./Core/Src/t3_320x240.o
                                       0x3d51 (size before relaxing)
 .debug_str     0x00000000000d2cbb       0x34 ./Core/Startup/startup_stm32f429zitx.o
                                         0xae (size before relaxing)
 .debug_str     0x00000000000d2cef      0x62b ./Drivers/STM32F4xx_HAL_Driver/Src/stm32f4xx_hal.o
                                      0xcd191 (size before relaxing)
 .debug_str     0x00000000000d331a      0x339 ./Drivers/STM32F4xx_HAL_Driver/Src/stm32f4xx_hal_cortex.o
                                      0xcce76 (size before relaxing)
 .debug_str     0x00000000000d3653      0x15d ./Drivers/STM32F4xx_HAL_Driver/Src/stm32f4xx_hal_gpio.o
                                      0xcc6e9 (size before relaxing)
 .debug_str     0x00000000000d37b0      0x485 ./Drivers/STM32F4xx_HAL_Driver/Src/stm32f4xx_hal_ltdc.o
                                      0xccbd2 (size before relaxing)
 .debug_str     0x00000000000d3c35      0x135 ./Drivers/STM32F4xx_HAL_Driver/Src/stm32f4xx_hal_pwr_ex.o
                                      0xcc746 (size before relaxing)
 .debug_str     0x00000000000d3d6a      0x233 ./Drivers/STM32F4xx_HAL_Driver/Src/stm32f4xx_hal_rcc.o
                                      0xcc9a2 (size before relaxing)
 .debug_str     0x00000000000d3f9d      0x12b ./Drivers/STM32F4xx_HAL_Driver/Src/stm32f4xx_hal_rcc_ex.o
                                      0xcc769 (size before relaxing)

.debug_frame    0x0000000000000000     0x190c
 .debug_frame   0x0000000000000000      0x190 ./Core/Src/bsp_lcd.o
 .debug_frame   0x0000000000000190       0x8c ./Core/Src/main.o
 .debug_frame   0x000000000000021c       0x80 ./Core/Src/stm32f4xx_hal_msp.o
 .debug_frame   0x000000000000029c      0x13c ./Core/Src/stm32f4xx_it.o
 .debug_frame   0x00000000000003d8       0x58 ./Core/Src/system_stm32f4xx.o
 .debug_frame   0x0000000000000430      0x3b4 ./Drivers/STM32F4xx_HAL_Driver/Src/stm32f4xx_hal.o
 .debug_frame   0x00000000000007e4      0x498 ./Drivers/STM32F4xx_HAL_Driver/Src/stm32f4xx_hal_cortex.o
 .debug_frame   0x0000000000000c7c      0x14c ./Drivers/STM32F4xx_HAL_Driver/Src/stm32f4xx_hal_gpio.o
 .debug_frame   0x0000000000000dc8      0x61c ./Drivers/STM32F4xx_HAL_Driver/Src/stm32f4xx_hal_ltdc.o
 .debug_frame   0x00000000000013e4      0x14c ./Drivers/STM32F4xx_HAL_Driver/Src/stm32f4xx_hal_pwr_ex.o
 .debug_frame   0x0000000000001530      0x1f4 ./Drivers/STM32F4xx_HAL_Driver/Src/stm32f4xx_hal_rcc.o
 .debug_frame   0x0000000000001724      0x13c ./Drivers/STM32F4xx_HAL_Driver/Src/stm32f4xx_hal_rcc_ex.o
 .debug_frame   0x0000000000001860       0x20 C:/ST/STM32CubeIDE_1.13.2/STM32CubeIDE/plugins/com.st.stm32cube.ide.mcu.externaltools.gnu-tools-for-stm32.11.3.rel1.win32_1.1.1.202309131626/tools/bin/../lib/gcc/arm-none-eabi/11.3.1/../../../../arm-none-eabi/lib/thumb/v7e-m+fp/hard\libc_nano.a(libc_a-memset.o)
 .debug_frame   0x0000000000001880       0x2c C:/ST/STM32CubeIDE_1.13.2/STM32CubeIDE/plugins/com.st.stm32cube.ide.mcu.externaltools.gnu-tools-for-stm32.11.3.rel1.win32_1.1.1.202309131626/tools/bin/../lib/gcc/arm-none-eabi/11.3.1/../../../../arm-none-eabi/lib/thumb/v7e-m+fp/hard\libc_nano.a(libc_a-init.o)
 .debug_frame   0x00000000000018ac       0x2c C:/ST/STM32CubeIDE_1.13.2/STM32CubeIDE/plugins/com.st.stm32cube.ide.mcu.externaltools.gnu-tools-for-stm32.11.3.rel1.win32_1.1.1.202309131626/tools/bin/../lib/gcc/arm-none-eabi/11.3.1/thumb/v7e-m+fp/hard\libgcc.a(_aeabi_uldivmod.o)
 .debug_frame   0x00000000000018d8       0x34 C:/ST/STM32CubeIDE_1.13.2/STM32CubeIDE/plugins/com.st.stm32cube.ide.mcu.externaltools.gnu-tools-for-stm32.11.3.rel1.win32_1.1.1.202309131626/tools/bin/../lib/gcc/arm-none-eabi/11.3.1/thumb/v7e-m+fp/hard\libgcc.a(_udivmoddi4.o)

.debug_line_str
                0x0000000000000000       0xa2
 .debug_line_str
                0x0000000000000000       0xa2 ./Core/Startup/startup_stm32f429zitx.o
                                         0xba (size before relaxing)
